// Jest Snapshot v1, https://goo.gl/fbAQLP

exports[`test on <GifGrid /> should show correctly 1`] = `
<Fragment>
  <h3>
     
    cat
     
  </h3>
  <p>
    Cargando...
  </p>
  <div
    className="card-grid"
  />
</Fragment>
`;
